// Jest Snapshot v1, https://goo.gl/fbAQLP

exports[`renderes correctly Total component 1`] = `
<table
  className="table"
>
  <tbody>
    <tr
      className="font-bold"
    >
      <td
        className="font-large"
      >
        Est. total
      </td>
      <td
        className="text-right font-xlarge"
      >
        $100
      </td>
    </tr>
  </tbody>
</table>
`;
